// Jest Snapshot v1, https://goo.gl/fbAQLP

exports[`renders Typography correctly: enzyme.mount 1`] = `
.emotion-0 {
  color: #f00;
  font-weight: bold;
  text-align: center;
  font-size: 20px;
}

.emotion-2 {
  color: #f00;
  font-weight: bold;
  text-align: center;
  font-size: 16px;
}

.emotion-4 {
  color: #0f0;
  text-align: right;
  font-size: 12px;
}

<UXPinWrapper>
  <ThemeProvider
    theme={
      Object {
        "borders": Object {
          "default": "1 solid",
          "radii": Object {
            "m": 3,
            "s": 0,
          },
        },
        "colors": Object {
          "button": Object {
            "primary": Object {
              "background": "#17384B",
              "border": "#2C546C",
              "color": "#FFFFFF",
            },
            "secondary": Object {
              "background": "transparent",
              "border": "#E9EEF2",
              "color": "#D7DFE2",
            },
          },
          "common": Object {
            "black": "#000000",
            "white": "#FFFFFF",
          },
          "error": Object {
            "contrast": "#FFFFFF",
            "fill": undefined,
          },
          "success": Object {
            "contrast": "#FFFFFF",
            "fill": undefined,
          },
          "warning": Object {
            "contrast": "#FFFFFF",
            "fill": undefined,
          },
        },
        "typography": Object {
          "family": "'Helvetica Neue', sans-serif",
          "size": Object {
            "l": 16,
            "m": 12,
            "s": 10,
            "xl": 20,
            "xs": 8,
            "xxl": 24,
            "xxxl": 34,
            "xxxxl": 50,
          },
          "weight": Object {
            "bold": 600,
            "light": 100,
            "regular": 300,
          },
        },
      }
    }
  >
    <Component
      align="center"
      bold={true}
      tint="#f00"
    >
      <StyledText
        align="center"
        bold={true}
        tag="h1"
        tint="#f00"
      >
        <WithComponent
          align="center"
          bold={true}
          tag="h1"
          tint="#f00"
        >
          <h1
            className="emotion-0 emotion-1"
          >
            Title Text
          </h1>
        </WithComponent>
      </StyledText>
    </Component>
    <Component
      align="center"
      bold={true}
      tint="#f00"
    >
      <StyledText
        align="center"
        bold={true}
        tag="h2"
        tint="#f00"
      >
        <WithComponent
          align="center"
          bold={true}
          tag="h2"
          tint="#f00"
        >
          <h2
            className="emotion-2 emotion-1"
          >
            Heading Text
          </h2>
        </WithComponent>
      </StyledText>
    </Component>
    <Component
      align="right"
      tint="#0f0"
    >
      <StyledText
        align="right"
        tag="p"
        tint="#0f0"
      >
        <WithComponent
          align="right"
          tag="p"
          tint="#0f0"
        >
          <p
            className="emotion-4 emotion-1"
          >
            Body Text
          </p>
        </WithComponent>
      </StyledText>
    </Component>
  </ThemeProvider>
</UXPinWrapper>
`;
